// Vitest Snapshot v1, https://vitest.dev/guide/snapshot.html

exports[`Polkadot People > killing an identity as root from the relay chain > call kill identity with wrong origin 1`] = `
[
  {
    "data": {
      "dispatchError": "BadOrigin",
      "dispatchInfo": {
        "class": "Normal",
        "paysFee": "Yes",
        "weight": {
          "proofSize": "(rounded 6700)",
          "refTime": "(rounded 11000000000)",
        },
      },
    },
    "method": "ExtrinsicFailed",
    "section": "system",
  },
]
`;

exports[`Polkadot People > killing an identity as root from the relay chain > query for killed identity 1`] = `
[
  {
    "deposit": 2017400000,
    "info": {
      "discord": {
        "raw": "0x746573745f646973636f7264",
      },
      "display": {
        "raw": "0x5465737420446973706c6179",
      },
      "email": {
        "raw": "0x746573745f6164647265737340746573742e696f",
      },
      "github": {
        "raw": "0x746573745f676974687562",
      },
      "image": {
        "raw": "0x74657374",
      },
      "legal": {
        "raw": "0x46697273744e616d65204c6173744e616d65",
      },
      "matrix": {
        "raw": "0x40746573743a746573745f7365727665722e696f",
      },
      "pgpFingerprint": "0x6131623263336434653566366737683869396a31",
      "twitter": {
        "raw": "0x40746573745f74776974746572",
      },
      "web": {
        "raw": "0x687474703a2f2f746573742e74652f6d65",
      },
    },
    "judgements": [],
  },
  null,
]
`;

exports[`Polkadot People > killing an identity as root from the relay chain > set identity events 1`] = `
[
  {
    "data": {
      "who": "146SvjUZXoMaemdeiecyxgALeYMm8ZWh1yrGo8RtpoPfe7WL",
    },
    "method": "IdentitySet",
    "section": "identity",
  },
]
`;
